
> frontend@0.1.0 start
> react-scripts start

Starting the development server...

Compiled successfully!

You can now view frontend in the browser.

  Local:            http://localhost:3000
  On Your Network:  http://10.61.243.6:3000

Note that the development build is not optimized.
To create a production build, use npm run build.

webpack compiled [1m[32msuccessfully[39m[22m
Compiling...
Compiled successfully!
webpack compiled [1m[32msuccessfully[39m[22m
Compiling...
Compiled successfully!
webpack compiled [1m[32msuccessfully[39m[22m
Compiling...
Compiled successfully!
webpack compiled [1m[32msuccessfully[39m[22m
Compiling...
Compiled successfully!
webpack compiled [1m[32msuccessfully[39m[22m
Compiling...
Compiled successfully!
webpack compiled [1m[32msuccessfully[39m[22m
Compiling...
Compiled with warnings.

[eslint] 
src\components\ProductDetails.js
  Line 2:100:  'X' is defined but never used                 no-unused-vars
  Line 9:10:   'getPolicyOverlay' is defined but never used  no-unused-vars

Search for the keywords to learn more about each warning.
To ignore, add // eslint-disable-next-line to the line before.

[1m[33mWARNING[39m[22m in [1m[eslint] 
src\components\ProductDetails.js
  Line 2:100:  'X' is defined but never used                 no-unused-vars
  Line 9:10:   'getPolicyOverlay' is defined but never used  no-unused-vars

[39m[22m

webpack compiled with [1m[33m1 warning[39m[22m
Compiling...
Compiled with warnings.

[eslint] 
src\components\ProductDetails.js
  Line 2:100:  'X' is defined but never used                             no-unused-vars
  Line 123:9:  'activePolicyOverlay' is assigned a value but never used  no-unused-vars

Search for the keywords to learn more about each warning.
To ignore, add // eslint-disable-next-line to the line before.

[1m[33mWARNING[39m[22m in [1m[eslint] 
src\components\ProductDetails.js
  Line 2:100:  'X' is defined but never used                             no-unused-vars
  Line 123:9:  'activePolicyOverlay' is assigned a value but never used  no-unused-vars

[39m[22m

webpack compiled with [1m[33m1 warning[39m[22m
Compiling...
Compiled successfully!
webpack compiled [1m[32msuccessfully[39m[22m
Compiling...
Compiled successfully!
webpack compiled [1m[32msuccessfully[39m[22m
Compiling...
Compiled successfully!
webpack compiled [1m[32msuccessfully[39m[22m
Compiling...
Compiled with warnings.

[eslint] 
src\components\ProductDetails.js
  Line 2:28:  'Heart' is defined but never used  no-unused-vars
  Line 2:49:  'Plus' is defined but never used   no-unused-vars

Search for the keywords to learn more about each warning.
To ignore, add // eslint-disable-next-line to the line before.

[1m[33mWARNING[39m[22m in [1m[eslint] 
src\components\ProductDetails.js
  Line 2:28:  'Heart' is defined but never used  no-unused-vars
  Line 2:49:  'Plus' is defined but never used   no-unused-vars

[39m[22m

webpack compiled with [1m[33m1 warning[39m[22m
Compiling...
Compiled with warnings.

[eslint] 
src\components\ProductDetails.js
  Line 2:28:  'Heart' is defined but never used  no-unused-vars
  Line 2:49:  'Plus' is defined but never used   no-unused-vars

Search for the keywords to learn more about each warning.
To ignore, add // eslint-disable-next-line to the line before.

[1m[33mWARNING[39m[22m in [1m[eslint] 
src\components\ProductDetails.js
  Line 2:28:  'Heart' is defined but never used  no-unused-vars
  Line 2:49:  'Plus' is defined but never used   no-unused-vars

[39m[22m

webpack compiled with [1m[33m1 warning[39m[22m
Compiling...
Compiled successfully!
webpack compiled [1m[32msuccessfully[39m[22m
Compiling...
Compiled with warnings.

[eslint] 
src\components\ProductDetails.js
  Line 109:9:  'selectedCartOptionLabel' is assigned a value but never used  no-unused-vars

Search for the keywords to learn more about each warning.
To ignore, add // eslint-disable-next-line to the line before.

[1m[33mWARNING[39m[22m in [1m[eslint] 
src\components\ProductDetails.js
  Line 109:9:  'selectedCartOptionLabel' is assigned a value but never used  no-unused-vars

[39m[22m

webpack compiled with [1m[33m1 warning[39m[22m
Compiling...
Compiled successfully!
webpack compiled [1m[32msuccessfully[39m[22m
Compiling...
Compiled successfully!
webpack compiled [1m[32msuccessfully[39m[22m
Compiling...
Compiled successfully!
webpack compiled [1m[32msuccessfully[39m[22m
Compiling...
Compiled successfully!
webpack compiled [1m[32msuccessfully[39m[22m
Compiling...
Compiled successfully!
webpack compiled [1m[32msuccessfully[39m[22m
Compiling...
Compiled successfully!
webpack compiled [1m[32msuccessfully[39m[22m
Compiling...
Compiled successfully!
webpack compiled [1m[32msuccessfully[39m[22m
Compiling...
Compiled successfully!
webpack compiled [1m[32msuccessfully[39m[22m
Compiling...
Compiled successfully!
webpack compiled [1m[32msuccessfully[39m[22m
Compiling...
Compiled successfully!
webpack compiled [1m[32msuccessfully[39m[22m
Compiling...
Compiled successfully!
webpack compiled [1m[32msuccessfully[39m[22m
Compiling...
Compiled successfully!
webpack compiled [1m[32msuccessfully[39m[22m
Compiling...
Compiled successfully!
webpack compiled [1m[32msuccessfully[39m[22m
Compiling...
Compiled successfully!
webpack compiled [1m[32msuccessfully[39m[22m
Compiling...
Compiled successfully!
webpack compiled [1m[32msuccessfully[39m[22m
Compiling...
Compiled with warnings.

[eslint] 
src\components\RecurringTemplatePanel.js
  Line 36:69:  React Hook useMemo has an unnecessary dependency: 'profileData'. Either exclude it or remove the dependency array  react-hooks/exhaustive-deps
  Line 44:6:   React Hook useEffect has a missing dependency: 'template.items'. Either include it or remove the dependency array  react-hooks/exhaustive-deps

Search for the keywords to learn more about each warning.
To ignore, add // eslint-disable-next-line to the line before.

[1m[33mWARNING[39m[22m in [1m[eslint] 
src\components\RecurringTemplatePanel.js
  Line 36:69:  React Hook useMemo has an unnecessary dependency: 'profileData'. Either exclude it or remove the dependency array  react-hooks/exhaustive-deps
  Line 44:6:   React Hook useEffect has a missing dependency: 'template.items'. Either include it or remove the dependency array  react-hooks/exhaustive-deps

[39m[22m

webpack compiled with [1m[33m1 warning[39m[22m
Compiling...
Compiled with warnings.

[eslint] 
src\components\RecurringTemplatePanel.js
  Line 36:69:  React Hook useMemo has an unnecessary dependency: 'profileData'. Either exclude it or remove the dependency array  react-hooks/exhaustive-deps

Search for the keywords to learn more about each warning.
To ignore, add // eslint-disable-next-line to the line before.

[1m[33mWARNING[39m[22m in [1m[eslint] 
src\components\RecurringTemplatePanel.js
  Line 36:69:  React Hook useMemo has an unnecessary dependency: 'profileData'. Either exclude it or remove the dependency array  react-hooks/exhaustive-deps

[39m[22m

webpack compiled with [1m[33m1 warning[39m[22m
Compiling...
Compiled with warnings.

[eslint] 
src\components\RecurringTemplatePanel.js
  Line 32:9:  'profileData' is assigned a value but never used  no-unused-vars

Search for the keywords to learn more about each warning.
To ignore, add // eslint-disable-next-line to the line before.

[1m[33mWARNING[39m[22m in [1m[eslint] 
src\components\RecurringTemplatePanel.js
  Line 32:9:  'profileData' is assigned a value but never used  no-unused-vars

[39m[22m

webpack compiled with [1m[33m1 warning[39m[22m
Compiling...
Compiled successfully!
webpack compiled [1m[32msuccessfully[39m[22m
Compiling...
Compiled successfully!
webpack compiled [1m[32msuccessfully[39m[22m
Compiling...
Compiled successfully!
webpack compiled [1m[32msuccessfully[39m[22m
Compiling...
Failed to compile.

Module not found: Error: Can't resolve './components/RecurringTemplatePanel' in 'C:\Workspace\AI\projects\Ecommerce\frontend\src'
[1m[31mERROR[39m[22m in [1m./src/App.js[39m[22m [1m[32m19:0-73[39m[22m
[1mModule [1m[31mnot found[39m[22m[1m: [1m[31mError[39m[22m[1m: Can't resolve './components/RecurringTemplatePanel' in 'C:\Workspace\AI\projects\Ecommerce\frontend\src'[39m[22m

webpack compiled with [1m[31m1 error[39m[22m
Compiling...
Failed to compile.

Module not found: Error: Can't resolve './components/RecurringTemplatePanel' in 'C:\Workspace\AI\projects\Ecommerce\frontend\src'
[1m[31mERROR[39m[22m in [1m./src/App.js[39m[22m [1m[32m19:0-73[39m[22m
[1mModule [1m[31mnot found[39m[22m[1m: [1m[31mError[39m[22m[1m: Can't resolve './components/RecurringTemplatePanel' in 'C:\Workspace\AI\projects\Ecommerce\frontend\src'[39m[22m

webpack compiled with [1m[31m1 error[39m[22m
Compiling...
Compiled with warnings.

[eslint] 
src\components\RecurringTemplatePanel.js
  Line 10:3:  'updateGroceryMasterItem' is defined but never used                                                             no-unused-vars
  Line 78:6:  React Hook useEffect has a missing dependency: 'loadPlanner'. Either include it or remove the dependency array  react-hooks/exhaustive-deps

Search for the keywords to learn more about each warning.
To ignore, add // eslint-disable-next-line to the line before.

[1m[33mWARNING[39m[22m in [1m[eslint] 
src\components\RecurringTemplatePanel.js
  Line 10:3:  'updateGroceryMasterItem' is defined but never used                                                             no-unused-vars
  Line 78:6:  React Hook useEffect has a missing dependency: 'loadPlanner'. Either include it or remove the dependency array  react-hooks/exhaustive-deps

[39m[22m

webpack compiled with [1m[33m1 warning[39m[22m
Compiling...
Compiled with warnings.

[eslint] 
src\components\RecurringTemplatePanel.js
  Line 10:3:  'updateGroceryMasterItem' is defined but never used                                                             no-unused-vars
  Line 78:6:  React Hook useEffect has a missing dependency: 'loadPlanner'. Either include it or remove the dependency array  react-hooks/exhaustive-deps

Search for the keywords to learn more about each warning.
To ignore, add // eslint-disable-next-line to the line before.

[1m[33mWARNING[39m[22m in [1m[eslint] 
src\components\RecurringTemplatePanel.js
  Line 10:3:  'updateGroceryMasterItem' is defined but never used                                                             no-unused-vars
  Line 78:6:  React Hook useEffect has a missing dependency: 'loadPlanner'. Either include it or remove the dependency array  react-hooks/exhaustive-deps

[39m[22m

webpack compiled with [1m[33m1 warning[39m[22m
Compiling...
Compiled successfully!
webpack compiled [1m[32msuccessfully[39m[22m
Compiling...
Compiled successfully!
webpack compiled [1m[32msuccessfully[39m[22m
Compiling...
Compiled successfully!
webpack compiled [1m[32msuccessfully[39m[22m
Compiling...
Compiled successfully!
webpack compiled [1m[32msuccessfully[39m[22m
Compiling...
Compiled successfully!
webpack compiled [1m[32msuccessfully[39m[22m
