
> frontend@0.1.0 start
> react-scripts start

Starting the development server...

Compiled successfully!

You can now view frontend in the browser.

  Local:            http://localhost:3000
  On Your Network:  http://10.61.243.6:3000

Note that the development build is not optimized.
To create a production build, use npm run build.

webpack compiled [1m[32msuccessfully[39m[22m
Compiling...
Compiled successfully!
webpack compiled [1m[32msuccessfully[39m[22m
Compiling...
Failed to compile.

Attempted import error: 'availableCoupons' is not exported from '../utils/coupons' (imported as 'availableCoupons').
[1m[31mERROR[39m[22m in [1m./src/components/CouponsPanel.js[39m[22m [1m[32m64:16-36[39m[22m
[1mexport 'availableCoupons' (imported as 'availableCoupons') was [1m[31mnot found[39m[22m[1m in '../utils/coupons' (possible exports: [1m[32mfallbackCoupons, getCouponById, getCouponDiscount[39m[22m[1m)[39m[22m

webpack compiled with [1m[31m1 error[39m[22m
Compiling...
Compiled successfully!
webpack compiled [1m[32msuccessfully[39m[22m
Compiling...
Compiled successfully!
webpack compiled [1m[32msuccessfully[39m[22m
Compiling...
Failed to compile.

[eslint] 
src\App.js
  Line 80:22:  'couponResponse' is not defined  no-undef

Search for the keywords to learn more about each error.
[1m[31mERROR[39m[22m in [1m[eslint] 
src\App.js
  Line 80:22:  'couponResponse' is not defined  no-undef

Search for the keywords to learn more about each [1m[31merror[39m[22m[1m.[39m[22m

webpack compiled with [1m[31m1 error[39m[22m
Compiling...
Compiled successfully!
webpack compiled [1m[32msuccessfully[39m[22m
Compiling...
Compiled with warnings.

[eslint] 
src\components\AdminProductPanel.js
  Line 8:3:    'createAdminCoupon' is defined but never used           no-unused-vars
  Line 14:3:   'deleteAdminCoupon' is defined but never used           no-unused-vars
  Line 16:3:   'fetchAdminCoupons' is defined but never used           no-unused-vars
  Line 30:3:   'updateAdminCoupon' is defined but never used           no-unused-vars
  Line 125:7:  'initialCouponForm' is assigned a value but never used  no-unused-vars

Search for the keywords to learn more about each warning.
To ignore, add // eslint-disable-next-line to the line before.

[1m[33mWARNING[39m[22m in [1m[eslint] 
src\components\AdminProductPanel.js
  Line 8:3:    'createAdminCoupon' is defined but never used           no-unused-vars
  Line 14:3:   'deleteAdminCoupon' is defined but never used           no-unused-vars
  Line 16:3:   'fetchAdminCoupons' is defined but never used           no-unused-vars
  Line 30:3:   'updateAdminCoupon' is defined but never used           no-unused-vars
  Line 125:7:  'initialCouponForm' is assigned a value but never used  no-unused-vars

[39m[22m

webpack compiled with [1m[33m1 warning[39m[22m
Compiling...
Compiled with warnings.

[eslint] 
src\components\AdminProductPanel.js
  Line 8:3:     'createAdminCoupon' is defined but never used            no-unused-vars
  Line 14:3:    'deleteAdminCoupon' is defined but never used            no-unused-vars
  Line 30:3:    'updateAdminCoupon' is defined but never used            no-unused-vars
  Line 201:10:  'coupons' is assigned a value but never used             no-unused-vars
  Line 207:10:  'couponForm' is assigned a value but never used          no-unused-vars
  Line 207:22:  'setCouponForm' is assigned a value but never used       no-unused-vars
  Line 213:10:  'editingCouponId' is assigned a value but never used     no-unused-vars
  Line 213:27:  'setEditingCouponId' is assigned a value but never used  no-unused-vars

Search for the keywords to learn more about each warning.
To ignore, add // eslint-disable-next-line to the line before.

[1m[33mWARNING[39m[22m in [1m[eslint] 
src\components\AdminProductPanel.js
  Line 8:3:     'createAdminCoupon' is defined but never used            no-unused-vars
  Line 14:3:    'deleteAdminCoupon' is defined but never used            no-unused-vars
  Line 30:3:    'updateAdminCoupon' is defined but never used            no-unused-vars
  Line 201:10:  'coupons' is assigned a value but never used             no-unused-vars
  Line 207:10:  'couponForm' is assigned a value but never used          no-unused-vars
  Line 207:22:  'setCouponForm' is assigned a value but never used       no-unused-vars
  Line 213:10:  'editingCouponId' is assigned a value but never used     no-unused-vars
  Line 213:27:  'setEditingCouponId' is assigned a value but never used  no-unused-vars

[39m[22m

webpack compiled with [1m[33m1 warning[39m[22m
Compiling...
Compiled with warnings.

[eslint] 
src\components\AdminProductPanel.js
  Line 8:3:     'createAdminCoupon' is defined but never used         no-unused-vars
  Line 14:3:    'deleteAdminCoupon' is defined but never used         no-unused-vars
  Line 30:3:    'updateAdminCoupon' is defined but never used         no-unused-vars
  Line 201:10:  'coupons' is assigned a value but never used          no-unused-vars
  Line 207:10:  'couponForm' is assigned a value but never used       no-unused-vars
  Line 213:10:  'editingCouponId' is assigned a value but never used  no-unused-vars
  Line 348:9:   'resetCouponForm' is assigned a value but never used  no-unused-vars

Search for the keywords to learn more about each warning.
To ignore, add // eslint-disable-next-line to the line before.

[1m[33mWARNING[39m[22m in [1m[eslint] 
src\components\AdminProductPanel.js
  Line 8:3:     'createAdminCoupon' is defined but never used         no-unused-vars
  Line 14:3:    'deleteAdminCoupon' is defined but never used         no-unused-vars
  Line 30:3:    'updateAdminCoupon' is defined but never used         no-unused-vars
  Line 201:10:  'coupons' is assigned a value but never used          no-unused-vars
  Line 207:10:  'couponForm' is assigned a value but never used       no-unused-vars
  Line 213:10:  'editingCouponId' is assigned a value but never used  no-unused-vars
  Line 348:9:   'resetCouponForm' is assigned a value but never used  no-unused-vars

[39m[22m

webpack compiled with [1m[33m1 warning[39m[22m
Compiling...
Compiled with warnings.

[eslint] 
src\components\AdminProductPanel.js
  Line 201:10:  'coupons' is assigned a value but never used          no-unused-vars
  Line 651:9:   'submitCoupon' is assigned a value but never used     no-unused-vars
  Line 682:9:   'startCouponEdit' is assigned a value but never used  no-unused-vars
  Line 695:9:   'removeCoupon' is assigned a value but never used     no-unused-vars

Search for the keywords to learn more about each warning.
To ignore, add // eslint-disable-next-line to the line before.

[1m[33mWARNING[39m[22m in [1m[eslint] 
src\components\AdminProductPanel.js
  Line 201:10:  'coupons' is assigned a value but never used          no-unused-vars
  Line 651:9:   'submitCoupon' is assigned a value but never used     no-unused-vars
  Line 682:9:   'startCouponEdit' is assigned a value but never used  no-unused-vars
  Line 695:9:   'removeCoupon' is assigned a value but never used     no-unused-vars

[39m[22m

webpack compiled with [1m[33m1 warning[39m[22m
Compiling...
Compiled successfully!
webpack compiled [1m[32msuccessfully[39m[22m
Compiling...
Compiled successfully!
webpack compiled [1m[32msuccessfully[39m[22m
Compiling...
Compiled successfully!
webpack compiled [1m[32msuccessfully[39m[22m
Compiling...
Compiled successfully!
webpack compiled [1m[32msuccessfully[39m[22m
Compiling...
Compiled successfully!
webpack compiled [1m[32msuccessfully[39m[22m
Compiling...
Compiled successfully!
webpack compiled [1m[32msuccessfully[39m[22m
Compiling...
Compiled successfully!
webpack compiled [1m[32msuccessfully[39m[22m
Compiling...
Compiled successfully!
webpack compiled [1m[32msuccessfully[39m[22m
